// Jest Snapshot v1, https://goo.gl/fbAQLP

exports[`reducer matches the snapshot 1`] = `[Function]`;
